[2026-03-08T19:00:08.617Z] 
→ Starting: Documentation Optimization
[2026-03-08T19:00:08.618Z] Documentation optimization initialized
[2026-03-08T19:00:08.618Z] ════════════════════════════════════════════════════════════
[2026-03-08T19:00:08.618Z] 🔷  Step 2.5: Documentation Optimization
[2026-03-08T19:00:08.618Z] ════════════════════════════════════════════════════════════
[2026-03-08T19:00:08.624Z] Phase 1: Heuristics Analysis (145 files)
[2026-03-08T19:00:08.649Z] Calculating content hashes...
[2026-03-08T19:00:08.656Z] Found 0 duplicate groups (0 redundant files)
[2026-03-08T19:00:08.656Z] Analyzing document similarity...
[2026-03-08T19:00:13.566Z] Found 0 redundant pairs above 80% similarity
[2026-03-08T19:00:13.566Z] Found 0 exact duplicates, 0 redundant pairs
[2026-03-08T19:00:13.566Z] Phase 2: Git History Analysis
[2026-03-08T19:00:13.566Z] Analyzing git history for 145 files...
[2026-03-08T19:00:16.432Z] Completed git analysis for 145 files
[2026-03-08T19:00:16.433Z] Found 0 outdated files
[2026-03-08T19:00:16.433Z] Phase 3: Version Reference Analysis
[2026-03-08T19:00:16.434Z] Detected version from package.json: 1.0.0
[2026-03-08T19:00:16.434Z] Analyzing version references in 145 files (current: 1.0.0)...
[2026-03-08T19:00:16.516Z] Completed version analysis for 145 files
[2026-03-08T19:00:16.517Z] Version analysis complete (0 total outdated)
[2026-03-08T19:00:16.517Z] Phase 4: AI Edge Case Analysis (skipped - no AI analyzer)
[2026-03-08T19:00:16.517Z] Phase 5: Optimization Summary
[2026-03-08T19:00:16.517Z] 
📊 Analysis Results:
───────────────────
  Total files analyzed: 145
  Exact duplicates: 0
  Redundant pairs: 0
  Outdated files: 0
  Files to optimize: 0

[2026-03-08T19:00:16.517Z] No optimizations needed
[2026-03-08T19:00:16.517Z] ✓ Workflow complete (8s)
[2026-03-08T19:00:16.517Z] ✓ Step step_02_5 completed in 7900ms
[2026-03-08T19:00:16.517Z] [DEBUG] [Performance] step_02_5: 7.9s
[2026-03-08T19:00:16.518Z] ⚠ [WARNING] Operation 'step_02_5' took 7.9s (memory: 85.12MB)
[2026-03-08T19:00:16.518Z] [DEBUG] Recorded outcome for step_02_5: success
[2026-03-08T19:00:16.518Z] ✓ Completed: Documentation Optimization (8s)
