[2026-03-08T18:58:49.431Z] 
→ Starting: Pre-Analysis
[2026-03-08T18:58:49.431Z] ════════════════════════════════════════════════════════════
[2026-03-08T18:58:49.431Z] 🔷  Step 0: Pre-Analysis - Analyzing Recent Changes
[2026-03-08T18:58:49.432Z] ════════════════════════════════════════════════════════════
[2026-03-08T18:58:49.479Z] Commits ahead of remote: 0
[2026-03-08T18:58:49.479Z] Modified files: 5
[2026-03-08T18:58:49.519Z] ✓ Project kind from config: client_spa (configured)
[2026-03-08T18:58:49.595Z] ✓ Pre-analysis complete:
  • Commits ahead: 0
  • Modified files: 5
  • Change scope: code-and-docs
  • Documentation: 1 files
  • Tests: 0 files
  • Source: 1 files
  • Config: 3 files
  • Project kind: client_spa (100% confidence)

[2026-03-08T18:58:49.605Z] ✓ Step step_00 completed in 176ms
[2026-03-08T18:58:49.606Z] [DEBUG] [Performance] step_00: 176ms
[2026-03-08T18:58:49.607Z] [DEBUG] Recorded outcome for step_00: success
[2026-03-08T18:58:49.607Z] ✓ Completed: Pre-Analysis (0s)
