[2026-03-08T19:00:47.592Z] 
→ Starting: Bootstrap Documentation
[2026-03-08T19:00:47.593Z] [DEBUG] Step0bBootstrapDocs.execute()
[2026-03-08T19:00:47.593Z] ════════════════════════════════════════════════════════════
[2026-03-08T19:00:47.593Z] 🔷  Step 0b: Documentation Gap Analysis and Generation
[2026-03-08T19:00:47.593Z] ════════════════════════════════════════════════════════════
[2026-03-08T19:00:47.593Z] Phase 1: Gathering project statistics...
[2026-03-08T19:00:47.594Z] [DEBUG] Gathering project statistics by scanning files...
[2026-03-08T19:00:47.594Z] [DEBUG] Listing all files in the project directory...
[2026-03-08T19:00:47.594Z] [DEBUG] Project root: /home/mpb/Documents/GitHub/mpbarbosa_site
[2026-03-08T19:00:47.633Z] [DEBUG] Total files found: 496
[2026-03-08T19:00:47.634Z] [DEBUG] Converting to relative paths...
[2026-03-08T19:00:47.638Z] Project has 158 documentation files and 38 source files
[2026-03-08T19:00:47.638Z] README.md size: 0 bytes, Has CHANGELOG: true, Has docs/ directory: true
[2026-03-08T19:00:47.638Z] Phase 2: Evaluating documentation coverage...
[2026-03-08T19:00:47.638Z] [DEBUG] Phase 3
[2026-03-08T19:00:47.638Z] Phase 3: Identifying missing documentation...
[2026-03-08T19:00:47.652Z] ⚠ Found 7 missing documentation files (1 critical)
[2026-03-08T19:00:47.652Z] Phase 3: Generating gap analysis report...
[2026-03-08T19:00:47.652Z] ✓ Step 0b: Documentation gap analysis completed
[2026-03-08T19:00:47.652Z] Critical: 1, Important: 3, Optional: 3
[2026-03-08T19:00:47.653Z] Phase 4: Generating documentation with AI...
[2026-03-08T19:00:47.700Z] Step 0b: doc-state cache HIT — skipping AI phase (fingerprint 49d7bef2…)
[2026-03-08T19:00:47.700Z] Step 0b: cached result valid — no files generated (token savings)
[2026-03-08T19:00:47.700Z] ✓ Step step_0b completed in 108ms
[2026-03-08T19:00:47.700Z] [DEBUG] [Performance] step_0b: 108ms
[2026-03-08T19:00:47.700Z] [DEBUG] Recorded outcome for step_0b: success
[2026-03-08T19:00:47.700Z] ✓ Completed: Bootstrap Documentation (0s)
