[2026-03-08T19:01:22.913Z] 
→ Starting: Documentation Optimization
[2026-03-08T19:01:22.914Z] Documentation optimization initialized
[2026-03-08T19:01:22.914Z] ════════════════════════════════════════════════════════════
[2026-03-08T19:01:22.914Z] 🔷  Step 2.5: Documentation Optimization
[2026-03-08T19:01:22.914Z] ════════════════════════════════════════════════════════════
[2026-03-08T19:01:22.939Z] Phase 1: Heuristics Analysis (145 files)
[2026-03-08T19:01:22.958Z] Calculating content hashes...
[2026-03-08T19:01:22.966Z] Found 0 duplicate groups (0 redundant files)
[2026-03-08T19:01:22.966Z] Analyzing document similarity...
[2026-03-08T19:01:26.666Z] Found 0 redundant pairs above 80% similarity
[2026-03-08T19:01:26.666Z] Found 0 exact duplicates, 0 redundant pairs
[2026-03-08T19:01:26.667Z] Phase 2: Git History Analysis
[2026-03-08T19:01:26.667Z] Analyzing git history for 145 files...
[2026-03-08T19:01:29.441Z] Completed git analysis for 145 files
[2026-03-08T19:01:29.441Z] Found 0 outdated files
[2026-03-08T19:01:29.442Z] Phase 3: Version Reference Analysis
[2026-03-08T19:01:29.443Z] Detected version from package.json: 1.0.0
[2026-03-08T19:01:29.443Z] Analyzing version references in 145 files (current: 1.0.0)...
[2026-03-08T19:01:29.484Z] Completed version analysis for 145 files
[2026-03-08T19:01:29.484Z] Version analysis complete (0 total outdated)
[2026-03-08T19:01:29.485Z] Phase 4: AI Edge Case Analysis (skipped - no AI analyzer)
[2026-03-08T19:01:29.485Z] Phase 5: Optimization Summary
[2026-03-08T19:01:29.485Z] 
📊 Analysis Results:
───────────────────
  Total files analyzed: 145
  Exact duplicates: 0
  Redundant pairs: 0
  Outdated files: 0
  Files to optimize: 0

[2026-03-08T19:01:29.485Z] No optimizations needed
[2026-03-08T19:01:29.485Z] ✓ Workflow complete (7s)
[2026-03-08T19:01:29.485Z] ✓ Step step_02_5 completed in 6572ms
[2026-03-08T19:01:29.485Z] [DEBUG] [Performance] step_02_5: 6.6s
[2026-03-08T19:01:29.485Z] ⚠ [WARNING] Operation 'step_02_5' took 6.6s (memory: 56.98MB)
[2026-03-08T19:01:29.485Z] [DEBUG] Recorded outcome for step_02_5: success
[2026-03-08T19:01:29.485Z] ✓ Completed: Documentation Optimization (7s)
