[2026-03-08T19:00:47.389Z] 
→ Starting: Pre-Analysis
[2026-03-08T19:00:47.390Z] ════════════════════════════════════════════════════════════
[2026-03-08T19:00:47.390Z] 🔷  Step 0: Pre-Analysis - Analyzing Recent Changes
[2026-03-08T19:00:47.390Z] ════════════════════════════════════════════════════════════
[2026-03-08T19:00:47.434Z] Commits ahead of remote: 0
[2026-03-08T19:00:47.434Z] Modified files: 5
[2026-03-08T19:00:47.476Z] ✓ Project kind from config: client_spa (configured)
[2026-03-08T19:00:47.578Z] ✓ Pre-analysis complete:
  • Commits ahead: 0
  • Modified files: 5
  • Change scope: code-and-docs
  • Documentation: 1 files
  • Tests: 0 files
  • Source: 1 files
  • Config: 3 files
  • Project kind: client_spa (100% confidence)

[2026-03-08T19:00:47.590Z] ✓ Step step_00 completed in 202ms
[2026-03-08T19:00:47.591Z] [DEBUG] [Performance] step_00: 203ms
[2026-03-08T19:00:47.592Z] [DEBUG] Recorded outcome for step_00: success
[2026-03-08T19:00:47.592Z] ✓ Completed: Pre-Analysis (0s)
